// Jest Snapshot v1, https://goo.gl/fbAQLP

exports[`<MainMenu /> should match snapshot 1`] = `
<div
  className="main-menu"
>
  <ul
    className="nav nav--left"
  >
    <li>
      <NavLink
        activeClassName="active"
        aria-current="page"
        className="nav-link"
        to="/products"
      >
        Products
      </NavLink>
    </li>
  </ul>
  <ul
    className="nav nav--right"
  >
    <li
      className="nav-item"
    >
      <NavLink
        activeClassName="active"
        aria-current="page"
        className="nav-link"
        to="/login"
      >
        Login
      </NavLink>
    </li>
    <li
      className="nav-item"
    >
      <NavLink
        activeClassName="active"
        aria-current="page"
        className="nav-link"
        to="/register"
      >
        Register
      </NavLink>
    </li>
  </ul>
</div>
`;
